[False,True,True,False]
 
algeff/effs1/Amb: forall<e,a> (@hnd-amb<e,a>) -> amb
algeff/effs1/amb: forall<a,e> (@action : () -> <amb|e> a) -> e list<a>
algeff/effs1/flip: () -> amb bool
algeff/effs1/main: () -> console ()
algeff/effs1/xor: () -> amb bool