exit
exit
exit
exit
[False,False,True,False]
exit
exit
[False,False]
add default effect for std/core/exn
 
algeff/exn2/Amb: forall<e,a> (@hnd-amb<e,a>) -> amb
algeff/exn2/State: forall<a,e,b> (@hnd-state<a,e,b>) -> state<a>
algeff/exn2/amb_handle: forall<a,e> (@action : () -> <amb|e> a) -> e list<a>
algeff/exn2/flip: () -> amb bool
algeff/exn2/foo: () -> <io,amb,state<int>> bool
algeff/exn2/get: forall<a> () -> (state<a>) a
algeff/exn2/main: () -> io ()
algeff/exn2/set: forall<a> (i : a) -> (state<a>) ()
algeff/exn2/state_handle: forall<a,e> (init : int, action : () -> <state<int>|e> a) -> e a
algeff/exn2/test1: () -> exn list<bool>
algeff/exn2/test2: () -> io list<bool>
algeff/exn2/test3: () -> io list<bool>
algeff/exn2/xor: () -> <amb,exn> bool