uncaught exception: index out of bounds
add default effect for std/core/exn