some-string = [hello]
some-string@vector@string = [hello]