1 + 0 + 1 + 3
5
1 + 2 + 3 + 3
9
1 + 1 + 2 + 3
7
1 + 2 + 0 + 10
13
1 + 2 + 0 + 30
33
-1 + 1 + 1 + 3
4