type/eff7/while: forall<a,e> (p : () -> <console,div|e> bool, f : () -> <console,div|e> a) -> <console,div|e> ()