type/match-constructor/bar/Foo: bar
type/match-constructor/bar2/Foo2: forall<a> (a : a) -> bar2<a>
type/match-constructor/bar2/a: forall<a> (bar2 : bar2<a>) -> a
type/match-constructor/foo/Foo: foo
type/match-constructor/foo/to-int: (x : foo) -> int
type/match-constructor/foo2/Foo2: forall<a> (a : a) -> foo2<a>
type/match-constructor/foo2/a: forall<a> (foo2 : foo2<a>) -> a
type/match-constructor/foo2/to-int: (x : foo2<int>) -> int
type/match-constructor/main: () -> console ()