Compiled
test/cgen/returnscrut@kk(18, 7): type warning: pattern variable c is unused (or a wrongly spelled constructor?)
 hint: prepend an underscore to make it a wildcard pattern
test/cgen/returnscrut@kk(27, 7): type warning: pattern variable char is unused (or a wrongly spelled constructor?)
 hint: prepend an underscore to make it a wildcard pattern