f(2, [1], Just([2, 3])) -> 6
<<<<<<< HEAD:test/cgen/pattern-match-in-param.kk.out
f(1, [1], Just([1])) -> cgen/pattern-match-in-param(1,34): f: pattern match failure
=======
f(1, [1], Just([1])) -> syntax/run/pattern-match-in-param(1,34): f: pattern match failure
>>>>>>> 7ce5203575f9b32cc2d046695f696a1dde79eaac:test/syntax/run/pattern-match-in-param.kk.out
g(1, 2) -> 1
h([2,3]) -> 2
h() -> 1
i(0) -> 1
j(0) -> 1
<<<<<<< HEAD:test/cgen/pattern-match-in-param.kk.out
k([]) -> cgen/pattern-match-in-param(23,12): k: pattern match failure
=======
k([]) -> syntax/run/pattern-match-in-param(23,12): k: pattern match failure
>>>>>>> 7ce5203575f9b32cc2d046695f696a1dde79eaac:test/syntax/run/pattern-match-in-param.kk.out
l((1, 2, 3)) -> 1