2
1
2
5
 
cgen/specialize/branch/.lift000-main: (xs417 : list<int>) -> console ()
cgen/specialize/branch/.lift000-main: (xs422 : list<int>) -> console ()
cgen/specialize/branch/.lift000-main: forall<_e> (xs429 : list<int>) -> list<int>
cgen/specialize/branch/main: () -> console ()
cgen/specialize/branch/map_other: forall<a,b> (xs : list<a>, f : (a) -> b, g : (a) -> b) -> list<b>