["0","1","2","3","4","5","6","7","8","9","10"]
 
cgen/specialize/localdef/.lift000-li: forall<a,e> (f : (int) -> e a, low : int, high : int, acc : list<a>) -> e list<a>
cgen/specialize/localdef/.lift000-main: (low364 : int, high365 : int, acc366 : list<string>) -> console list<string>
cgen/specialize/localdef/.mlift000-lift254-li: forall<a,e> (acc : list<a>, f : (int) -> e a, a00.000 : int, low : int, a) -> e list<a>
cgen/specialize/localdef/li: forall<a,e> (lo : int, hi : int, f : (int) -> e a) -> e list<a>
cgen/specialize/localdef/main: () -> console ()