[3,4,5]
 
cgen/specialize/map2/.lift000-test: (y : int, xs277 : list<int>) -> list<int>
cgen/specialize/map2/.lift000-main: (xs285 : list<int>) -> list<int>
cgen/specialize/map2/.unroll165-map-int: (xs : list<int>, f : (int) -> int) -> list<int>
cgen/specialize/map2/main: () -> console ()
cgen/specialize/map2/map-int: (xs : list<int>, f : (int) -> int) -> list<int>
cgen/specialize/map2/test: (y : int) -> list<int>