[21,24,27,30,33,36,39,42,45,48]
 
cgen/specialize/zipwithacc/.lift000-main: (i291 : int, acc292 : list<int>, xs293 : list<int>, ys294 : list<int>) -> console list<int>
cgen/specialize/zipwithacc/.mlift000-unroll178-zipwith-acc: forall<e,a,b,c> (acc : list<b>, f : (int, a, c) -> e b, i : int, xx : list<a>, yy : list<c>, b) -> 
 e list<b>
cgen/specialize/zipwithacc/.unroll178-zipwith-acc: forall<a,b,c,e> (f : (int, a, b) -> e c, i : int, acc : list<c>, xs : list<a>, ys : list<b>) -> e list<c>
cgen/specialize/zipwithacc/main: () -> console ()
cgen/specialize/zipwithacc/zipwith-acc: forall<a,b,c,e> (f : (int, a, b) -> e c, i : int, acc : list<c>, xs : list<a>, ys : list<b>) -> e list<c>